[dotenv@17.2.3] injecting env (17) from .env -- tip: ΓÜÖ∩╕Å  specify custom .env file path with { path: '/custom/path/.env' }
API Key length: 39
Model Name: gemini-1.5-flash
node : Gemini API Error: 
GoogleGenerativeAIFetchError: [GoogleGenerativeAI 
Error]: Error fetching from https://generativelanguage
.googleapis.com/v1beta/models/gemini-1.5-flash:generat
eContent: [404 Not Found] models/gemini-1.5-flash is 
not found for API version v1beta, or is not supported 
for generateContent. Call ListModels to see the list 
of available models and their supported methods.
At line:1 char:1
+ node test-ai.js > test-output.txt 2>&1
+ ~~~~~~~~~~~~~~~~~~~~~~~~~~~~~~~~~~~~~~
    + CategoryInfo          : NotSpecified: (Gemini A 
   PI Erro...ported methods.:String) [], RemoteExcep  
  tion
    + FullyQualifiedErrorId : NativeCommandError
 
    at handleResponseNotOk (file:///C:/Full_Stack_Proj
ects/AI_counsellor2/backend/node_modules/@google/gener
ative-ai/dist/index.mjs:432:11)
    at process.processTicksAndRejections 
(node:internal/process/task_queues:95:5)
    at async makeRequest (file:///C:/Full_Stack_Projec
ts/AI_counsellor2/backend/node_modules/@google/generat
ive-ai/dist/index.mjs:401:9)
    at async generateContent (file:///C:/Full_Stack_Pr
ojects/AI_counsellor2/backend/node_modules/@google/gen
erative-ai/dist/index.mjs:865:22)
    at async test (file:///C:/Full_Stack_Projects/AI_c
ounsellor2/backend/test-ai.js:22:20) {
  status: 404,
  statusText: 'Not Found',
  errorDetails: undefined
}
